Classic Timing Analyzer report for adder
Fri May 18 13:25:35 2018
Quartus II Version 9.1 Build 350 03/24/2010 Service Pack 2 SJ Web Edition


---------------------
; Table of Contents ;
---------------------
  1. Legal Notice
  2. Timing Analyzer Summary
  3. Timing Analyzer Settings
  4. Parallel Compilation
  5. tpd
  6. Timing Analyzer Messages



----------------
; Legal Notice ;
----------------
Copyright (C) 1991-2010 Altera Corporation
Your use of Altera Corporation's design tools, logic functions 
and other software and tools, and its AMPP partner logic 
functions, and any output files from any of the foregoing 
(including device programming or simulation files), and any 
associated documentation or information are expressly subject 
to the terms and conditions of the Altera Program License 
Subscription Agreement, Altera MegaCore Function License 
Agreement, or other applicable license agreement, including, 
without limitation, that your use is for the sole purpose of 
programming logic devices manufactured by Altera and sold by 
Altera or its authorized distributors.  Please refer to the 
applicable agreement for further details.



+--------------------------------------------------------------------------------------------------------------------------+
; Timing Analyzer Summary                                                                                                  ;
+------------------------------+-------+---------------+-------------+------+-------+------------+----------+--------------+
; Type                         ; Slack ; Required Time ; Actual Time ; From ; To    ; From Clock ; To Clock ; Failed Paths ;
+------------------------------+-------+---------------+-------------+------+-------+------------+----------+--------------+
; Worst-case tpd               ; N/A   ; None          ; 13.319 ns   ; b[0] ; s[13] ; --         ; --       ; 0            ;
; Total number of failed paths ;       ;               ;             ;      ;       ;            ;          ; 0            ;
+------------------------------+-------+---------------+-------------+------+-------+------------+----------+--------------+


+-----------------------------------------------------------------------------------------------------------------------------------------------------+
; Timing Analyzer Settings                                                                                                                            ;
+------------------------------------------------------------------------------------------------------+--------------------+------+----+-------------+
; Option                                                                                               ; Setting            ; From ; To ; Entity Name ;
+------------------------------------------------------------------------------------------------------+--------------------+------+----+-------------+
; Device Name                                                                                          ; EP2C5T144C6        ;      ;    ;             ;
; Timing Models                                                                                        ; Final              ;      ;    ;             ;
; Default hold multicycle                                                                              ; Same as Multicycle ;      ;    ;             ;
; Cut paths between unrelated clock domains                                                            ; On                 ;      ;    ;             ;
; Cut off read during write signal paths                                                               ; On                 ;      ;    ;             ;
; Cut off feedback from I/O pins                                                                       ; On                 ;      ;    ;             ;
; Report Combined Fast/Slow Timing                                                                     ; Off                ;      ;    ;             ;
; Ignore Clock Settings                                                                                ; Off                ;      ;    ;             ;
; Analyze latches as synchronous elements                                                              ; On                 ;      ;    ;             ;
; Enable Recovery/Removal analysis                                                                     ; Off                ;      ;    ;             ;
; Enable Clock Latency                                                                                 ; Off                ;      ;    ;             ;
; Use TimeQuest Timing Analyzer                                                                        ; Off                ;      ;    ;             ;
; Minimum Core Junction Temperature                                                                    ; 0                  ;      ;    ;             ;
; Maximum Core Junction Temperature                                                                    ; 85                 ;      ;    ;             ;
; Number of source nodes to report per destination node                                                ; 10                 ;      ;    ;             ;
; Number of destination nodes to report                                                                ; 10                 ;      ;    ;             ;
; Number of paths to report                                                                            ; 200                ;      ;    ;             ;
; Report Minimum Timing Checks                                                                         ; Off                ;      ;    ;             ;
; Use Fast Timing Models                                                                               ; Off                ;      ;    ;             ;
; Report IO Paths Separately                                                                           ; Off                ;      ;    ;             ;
; Perform Multicorner Analysis                                                                         ; On                 ;      ;    ;             ;
; Reports the worst-case path for each clock domain and analysis                                       ; Off                ;      ;    ;             ;
; Reports worst-case timing paths for each clock domain and analysis                                   ; On                 ;      ;    ;             ;
; Specifies the maximum number of worst-case timing paths to report for each clock domain and analysis ; 100                ;      ;    ;             ;
; Removes common clock path pessimism (CCPP) during slack computation                                  ; Off                ;      ;    ;             ;
; Output I/O Timing Endpoint                                                                           ; Near End           ;      ;    ;             ;
+------------------------------------------------------------------------------------------------------+--------------------+------+----+-------------+


Parallel compilation was disabled, but you have multiple processors available. Enable parallel compilation to reduce compilation time.
+-------------------------------------+
; Parallel Compilation                ;
+----------------------------+--------+
; Processors                 ; Number ;
+----------------------------+--------+
; Number detected on machine ; 4      ;
; Maximum allowed            ; 1      ;
+----------------------------+--------+


+---------------------------------------------------------------------------------------------------------------------------------+
; tpd                                                                                                                             ;
+-----------------------------------------+-----------------------------------------------------+-----------------+-------+-------+
; Slack                                   ; Required P2P Time                                   ; Actual P2P Time ; From  ; To    ;
+-----------------------------------------+-----------------------------------------------------+-----------------+-------+-------+
; N/A                                     ; None                                                ; 13.319 ns       ; b[0]  ; s[13] ;
; N/A                                     ; None                                                ; 13.221 ns       ; b[0]  ; cout  ;
; N/A                                     ; None                                                ; 12.967 ns       ; b[0]  ; s[6]  ;
; N/A                                     ; None                                                ; 12.964 ns       ; a[2]  ; s[13] ;
; N/A                                     ; None                                                ; 12.963 ns       ; b[0]  ; s[14] ;
; N/A                                     ; None                                                ; 12.946 ns       ; b[3]  ; s[13] ;
; N/A                                     ; None                                                ; 12.866 ns       ; a[2]  ; cout  ;
; N/A                                     ; None                                                ; 12.851 ns       ; b[2]  ; s[13] ;
; N/A                                     ; None                                                ; 12.848 ns       ; b[3]  ; cout  ;
; N/A                                     ; None                                                ; 12.846 ns       ; b[4]  ; s[13] ;
; N/A                                     ; None                                                ; 12.758 ns       ; b[0]  ; s[15] ;
; N/A                                     ; None                                                ; 12.753 ns       ; b[2]  ; cout  ;
; N/A                                     ; None                                                ; 12.748 ns       ; b[4]  ; cout  ;
; N/A                                     ; None                                                ; 12.743 ns       ; b[0]  ; s[10] ;
; N/A                                     ; None                                                ; 12.698 ns       ; b[7]  ; s[13] ;
; N/A                                     ; None                                                ; 12.693 ns       ; b[0]  ; s[9]  ;
; N/A                                     ; None                                                ; 12.669 ns       ; a[0]  ; s[13] ;
; N/A                                     ; None                                                ; 12.634 ns       ; b[0]  ; s[11] ;
; N/A                                     ; None                                                ; 12.617 ns       ; a[1]  ; s[13] ;
; N/A                                     ; None                                                ; 12.612 ns       ; a[2]  ; s[6]  ;
; N/A                                     ; None                                                ; 12.608 ns       ; a[2]  ; s[14] ;
; N/A                                     ; None                                                ; 12.600 ns       ; b[7]  ; cout  ;
; N/A                                     ; None                                                ; 12.594 ns       ; b[3]  ; s[6]  ;
; N/A                                     ; None                                                ; 12.590 ns       ; b[3]  ; s[14] ;
; N/A                                     ; None                                                ; 12.585 ns       ; b[1]  ; s[13] ;
; N/A                                     ; None                                                ; 12.581 ns       ; cin   ; s[13] ;
; N/A                                     ; None                                                ; 12.571 ns       ; a[0]  ; cout  ;
; N/A                                     ; None                                                ; 12.555 ns       ; b[0]  ; s[8]  ;
; N/A                                     ; None                                                ; 12.537 ns       ; b[9]  ; s[13] ;
; N/A                                     ; None                                                ; 12.527 ns       ; b[5]  ; s[13] ;
; N/A                                     ; None                                                ; 12.525 ns       ; b[0]  ; s[12] ;
; N/A                                     ; None                                                ; 12.519 ns       ; a[1]  ; cout  ;
; N/A                                     ; None                                                ; 12.499 ns       ; b[2]  ; s[6]  ;
; N/A                                     ; None                                                ; 12.495 ns       ; b[2]  ; s[14] ;
; N/A                                     ; None                                                ; 12.494 ns       ; b[4]  ; s[6]  ;
; N/A                                     ; None                                                ; 12.490 ns       ; b[4]  ; s[14] ;
; N/A                                     ; None                                                ; 12.487 ns       ; b[1]  ; cout  ;
; N/A                                     ; None                                                ; 12.483 ns       ; cin   ; cout  ;
; N/A                                     ; None                                                ; 12.469 ns       ; b[0]  ; s[7]  ;
; N/A                                     ; None                                                ; 12.444 ns       ; a[3]  ; s[13] ;
; N/A                                     ; None                                                ; 12.439 ns       ; b[9]  ; cout  ;
; N/A                                     ; None                                                ; 12.429 ns       ; b[5]  ; cout  ;
; N/A                                     ; None                                                ; 12.403 ns       ; a[2]  ; s[15] ;
; N/A                                     ; None                                                ; 12.388 ns       ; a[2]  ; s[10] ;
; N/A                                     ; None                                                ; 12.385 ns       ; b[3]  ; s[15] ;
; N/A                                     ; None                                                ; 12.385 ns       ; b[0]  ; s[2]  ;
; N/A                                     ; None                                                ; 12.370 ns       ; b[3]  ; s[10] ;
; N/A                                     ; None                                                ; 12.346 ns       ; a[3]  ; cout  ;
; N/A                                     ; None                                                ; 12.342 ns       ; b[7]  ; s[14] ;
; N/A                                     ; None                                                ; 12.342 ns       ; a[5]  ; s[13] ;
; N/A                                     ; None                                                ; 12.338 ns       ; a[2]  ; s[9]  ;
; N/A                                     ; None                                                ; 12.333 ns       ; a[4]  ; s[13] ;
; N/A                                     ; None                                                ; 12.320 ns       ; b[3]  ; s[9]  ;
; N/A                                     ; None                                                ; 12.317 ns       ; a[0]  ; s[6]  ;
; N/A                                     ; None                                                ; 12.313 ns       ; a[0]  ; s[14] ;
; N/A                                     ; None                                                ; 12.290 ns       ; b[2]  ; s[15] ;
; N/A                                     ; None                                                ; 12.285 ns       ; b[4]  ; s[15] ;
; N/A                                     ; None                                                ; 12.279 ns       ; a[2]  ; s[11] ;
; N/A                                     ; None                                                ; 12.275 ns       ; b[2]  ; s[10] ;
; N/A                                     ; None                                                ; 12.272 ns       ; b[6]  ; s[13] ;
; N/A                                     ; None                                                ; 12.270 ns       ; b[4]  ; s[10] ;
; N/A                                     ; None                                                ; 12.265 ns       ; a[1]  ; s[6]  ;
; N/A                                     ; None                                                ; 12.261 ns       ; a[1]  ; s[14] ;
; N/A                                     ; None                                                ; 12.261 ns       ; b[3]  ; s[11] ;
; N/A                                     ; None                                                ; 12.244 ns       ; a[5]  ; cout  ;
; N/A                                     ; None                                                ; 12.235 ns       ; a[4]  ; cout  ;
; N/A                                     ; None                                                ; 12.233 ns       ; b[1]  ; s[6]  ;
; N/A                                     ; None                                                ; 12.229 ns       ; b[1]  ; s[14] ;
; N/A                                     ; None                                                ; 12.229 ns       ; cin   ; s[6]  ;
; N/A                                     ; None                                                ; 12.225 ns       ; cin   ; s[14] ;
; N/A                                     ; None                                                ; 12.225 ns       ; b[2]  ; s[9]  ;
; N/A                                     ; None                                                ; 12.220 ns       ; b[4]  ; s[9]  ;
; N/A                                     ; None                                                ; 12.219 ns       ; b[10] ; s[13] ;
; N/A                                     ; None                                                ; 12.200 ns       ; a[2]  ; s[8]  ;
; N/A                                     ; None                                                ; 12.182 ns       ; b[3]  ; s[8]  ;
; N/A                                     ; None                                                ; 12.181 ns       ; b[9]  ; s[14] ;
; N/A                                     ; None                                                ; 12.175 ns       ; b[5]  ; s[6]  ;
; N/A                                     ; None                                                ; 12.174 ns       ; b[6]  ; cout  ;
; N/A                                     ; None                                                ; 12.171 ns       ; b[5]  ; s[14] ;
; N/A                                     ; None                                                ; 12.170 ns       ; a[2]  ; s[12] ;
; N/A                                     ; None                                                ; 12.169 ns       ; b[0]  ; s[5]  ;
; N/A                                     ; None                                                ; 12.166 ns       ; b[2]  ; s[11] ;
; N/A                                     ; None                                                ; 12.166 ns       ; b[0]  ; s[4]  ;
; N/A                                     ; None                                                ; 12.163 ns       ; a[9]  ; s[13] ;
; N/A                                     ; None                                                ; 12.161 ns       ; b[4]  ; s[11] ;
; N/A                                     ; None                                                ; 12.152 ns       ; b[3]  ; s[12] ;
; N/A                                     ; None                                                ; 12.137 ns       ; b[7]  ; s[15] ;
; N/A                                     ; None                                                ; 12.122 ns       ; b[7]  ; s[10] ;
; N/A                                     ; None                                                ; 12.121 ns       ; b[10] ; cout  ;
; N/A                                     ; None                                                ; 12.114 ns       ; a[2]  ; s[7]  ;
; N/A                                     ; None                                                ; 12.108 ns       ; a[0]  ; s[15] ;
; N/A                                     ; None                                                ; 12.096 ns       ; b[3]  ; s[7]  ;
; N/A                                     ; None                                                ; 12.093 ns       ; a[0]  ; s[10] ;
; N/A                                     ; None                                                ; 12.092 ns       ; a[3]  ; s[6]  ;
; N/A                                     ; None                                                ; 12.088 ns       ; a[3]  ; s[14] ;
; N/A                                     ; None                                                ; 12.087 ns       ; b[2]  ; s[8]  ;
; N/A                                     ; None                                                ; 12.082 ns       ; b[4]  ; s[8]  ;
; N/A                                     ; None                                                ; 12.072 ns       ; b[7]  ; s[9]  ;
; N/A                                     ; None                                                ; 12.065 ns       ; a[9]  ; cout  ;
; N/A                                     ; None                                                ; 12.057 ns       ; b[2]  ; s[12] ;
; N/A                                     ; None                                                ; 12.056 ns       ; a[1]  ; s[15] ;
; N/A                                     ; None                                                ; 12.056 ns       ; b[0]  ; s[1]  ;
; N/A                                     ; None                                                ; 12.052 ns       ; b[4]  ; s[12] ;
; N/A                                     ; None                                                ; 12.043 ns       ; a[0]  ; s[9]  ;
; N/A                                     ; None                                                ; 12.041 ns       ; a[1]  ; s[10] ;
; N/A                                     ; None                                                ; 12.024 ns       ; b[1]  ; s[15] ;
; N/A                                     ; None                                                ; 12.020 ns       ; cin   ; s[15] ;
; N/A                                     ; None                                                ; 12.013 ns       ; b[7]  ; s[11] ;
; N/A                                     ; None                                                ; 12.009 ns       ; b[1]  ; s[10] ;
; N/A                                     ; None                                                ; 12.005 ns       ; cin   ; s[10] ;
; N/A                                     ; None                                                ; 12.001 ns       ; b[2]  ; s[7]  ;
; N/A                                     ; None                                                ; 11.996 ns       ; b[4]  ; s[7]  ;
; N/A                                     ; None                                                ; 11.991 ns       ; a[1]  ; s[9]  ;
; N/A                                     ; None                                                ; 11.990 ns       ; a[5]  ; s[6]  ;
; N/A                                     ; None                                                ; 11.989 ns       ; a[10] ; s[13] ;
; N/A                                     ; None                                                ; 11.986 ns       ; a[5]  ; s[14] ;
; N/A                                     ; None                                                ; 11.984 ns       ; a[0]  ; s[11] ;
; N/A                                     ; None                                                ; 11.981 ns       ; a[4]  ; s[6]  ;
; N/A                                     ; None                                                ; 11.977 ns       ; a[4]  ; s[14] ;
; N/A                                     ; None                                                ; 11.976 ns       ; b[9]  ; s[15] ;
; N/A                                     ; None                                                ; 11.966 ns       ; b[5]  ; s[15] ;
; N/A                                     ; None                                                ; 11.961 ns       ; b[9]  ; s[10] ;
; N/A                                     ; None                                                ; 11.959 ns       ; b[1]  ; s[9]  ;
; N/A                                     ; None                                                ; 11.955 ns       ; cin   ; s[9]  ;
; N/A                                     ; None                                                ; 11.951 ns       ; b[5]  ; s[10] ;
; N/A                                     ; None                                                ; 11.944 ns       ; b[11] ; s[13] ;
; N/A                                     ; None                                                ; 11.934 ns       ; b[7]  ; s[8]  ;
; N/A                                     ; None                                                ; 11.932 ns       ; a[1]  ; s[11] ;
; N/A                                     ; None                                                ; 11.919 ns       ; a[8]  ; s[13] ;
; N/A                                     ; None                                                ; 11.916 ns       ; b[6]  ; s[14] ;
; N/A                                     ; None                                                ; 11.905 ns       ; a[0]  ; s[8]  ;
; N/A                                     ; None                                                ; 11.904 ns       ; b[7]  ; s[12] ;
; N/A                                     ; None                                                ; 11.903 ns       ; a[12] ; s[13] ;
; N/A                                     ; None                                                ; 11.901 ns       ; b[5]  ; s[9]  ;
; N/A                                     ; None                                                ; 11.900 ns       ; b[1]  ; s[11] ;
; N/A                                     ; None                                                ; 11.896 ns       ; cin   ; s[11] ;
; N/A                                     ; None                                                ; 11.891 ns       ; a[10] ; cout  ;
; N/A                                     ; None                                                ; 11.883 ns       ; a[3]  ; s[15] ;
; N/A                                     ; None                                                ; 11.875 ns       ; a[0]  ; s[12] ;
; N/A                                     ; None                                                ; 11.868 ns       ; a[3]  ; s[10] ;
; N/A                                     ; None                                                ; 11.863 ns       ; b[10] ; s[14] ;
; N/A                                     ; None                                                ; 11.860 ns       ; b[0]  ; s[3]  ;
; N/A                                     ; None                                                ; 11.853 ns       ; a[1]  ; s[8]  ;
; N/A                                     ; None                                                ; 11.852 ns       ; b[9]  ; s[11] ;
; N/A                                     ; None                                                ; 11.846 ns       ; b[11] ; cout  ;
; N/A                                     ; None                                                ; 11.842 ns       ; a[7]  ; s[13] ;
; N/A                                     ; None                                                ; 11.842 ns       ; b[5]  ; s[11] ;
; N/A                                     ; None                                                ; 11.823 ns       ; a[1]  ; s[12] ;
; N/A                                     ; None                                                ; 11.821 ns       ; a[8]  ; cout  ;
; N/A                                     ; None                                                ; 11.821 ns       ; b[8]  ; s[13] ;
; N/A                                     ; None                                                ; 11.821 ns       ; b[1]  ; s[8]  ;
; N/A                                     ; None                                                ; 11.819 ns       ; a[0]  ; s[7]  ;
; N/A                                     ; None                                                ; 11.818 ns       ; a[3]  ; s[9]  ;
; N/A                                     ; None                                                ; 11.817 ns       ; cin   ; s[8]  ;
; N/A                                     ; None                                                ; 11.814 ns       ; a[2]  ; s[5]  ;
; N/A                                     ; None                                                ; 11.811 ns       ; a[2]  ; s[4]  ;
; N/A                                     ; None                                                ; 11.807 ns       ; a[9]  ; s[14] ;
; N/A                                     ; None                                                ; 11.805 ns       ; a[12] ; cout  ;
; N/A                                     ; None                                                ; 11.796 ns       ; b[3]  ; s[5]  ;
; N/A                                     ; None                                                ; 11.793 ns       ; b[3]  ; s[4]  ;
; N/A                                     ; None                                                ; 11.791 ns       ; b[1]  ; s[12] ;
; N/A                                     ; None                                                ; 11.787 ns       ; cin   ; s[12] ;
; N/A                                     ; None                                                ; 11.781 ns       ; a[5]  ; s[15] ;
; N/A                                     ; None                                                ; 11.772 ns       ; a[4]  ; s[15] ;
; N/A                                     ; None                                                ; 11.767 ns       ; a[1]  ; s[7]  ;
; N/A                                     ; None                                                ; 11.766 ns       ; a[5]  ; s[10] ;
; N/A                                     ; None                                                ; 11.763 ns       ; b[5]  ; s[8]  ;
; N/A                                     ; None                                                ; 11.759 ns       ; a[3]  ; s[11] ;
; N/A                                     ; None                                                ; 11.757 ns       ; a[4]  ; s[10] ;
; N/A                                     ; None                                                ; 11.744 ns       ; a[7]  ; cout  ;
; N/A                                     ; None                                                ; 11.743 ns       ; b[9]  ; s[12] ;
; N/A                                     ; None                                                ; 11.735 ns       ; b[1]  ; s[7]  ;
; N/A                                     ; None                                                ; 11.735 ns       ; a[0]  ; s[2]  ;
; N/A                                     ; None                                                ; 11.733 ns       ; b[5]  ; s[12] ;
; N/A                                     ; None                                                ; 11.731 ns       ; cin   ; s[7]  ;
; N/A                                     ; None                                                ; 11.723 ns       ; b[8]  ; cout  ;
; N/A                                     ; None                                                ; 11.716 ns       ; a[5]  ; s[9]  ;
; N/A                                     ; None                                                ; 11.714 ns       ; a[2]  ; s[2]  ;
; N/A                                     ; None                                                ; 11.711 ns       ; b[6]  ; s[15] ;
; N/A                                     ; None                                                ; 11.710 ns       ; a[6]  ; s[13] ;
; N/A                                     ; None                                                ; 11.707 ns       ; a[4]  ; s[9]  ;
; N/A                                     ; None                                                ; 11.701 ns       ; b[2]  ; s[5]  ;
; N/A                                     ; None                                                ; 11.698 ns       ; b[2]  ; s[4]  ;
; N/A                                     ; None                                                ; 11.696 ns       ; a[11] ; s[13] ;
; N/A                                     ; None                                                ; 11.696 ns       ; b[6]  ; s[10] ;
; N/A                                     ; None                                                ; 11.696 ns       ; b[4]  ; s[5]  ;
; N/A                                     ; None                                                ; 11.683 ns       ; a[1]  ; s[2]  ;
; N/A                                     ; None                                                ; 11.680 ns       ; a[3]  ; s[8]  ;
; N/A                                     ; None                                                ; 11.677 ns       ; b[5]  ; s[7]  ;
; N/A                                     ; None                                                ; 11.658 ns       ; b[10] ; s[15] ;
; N/A                                     ; None                                                ; 11.657 ns       ; a[5]  ; s[11] ;
; N/A                                     ; None                                                ; 11.651 ns       ; b[1]  ; s[2]  ;
; N/A                                     ; None                                                ; 11.650 ns       ; a[3]  ; s[12] ;
; N/A                                     ; None                                                ; 11.648 ns       ; a[4]  ; s[11] ;
; N/A                                     ; None                                                ; 11.647 ns       ; cin   ; s[2]  ;
; N/A                                     ; None                                                ; 11.646 ns       ; b[6]  ; s[9]  ;
; N/A                                     ; None                                                ; 11.633 ns       ; a[10] ; s[14] ;
; N/A                                     ; None                                                ; 11.612 ns       ; a[6]  ; cout  ;
; N/A                                     ; None                                                ; 11.611 ns       ; b[12] ; s[13] ;
; N/A                                     ; None                                                ; 11.605 ns       ; b[6]  ; s[6]  ;
; Timing analysis restricted to 200 rows. ; To change the limit use Settings (Assignments menu) ;                 ;       ;       ;
+-----------------------------------------+-----------------------------------------------------+-----------------+-------+-------+


+--------------------------+
; Timing Analyzer Messages ;
+--------------------------+
Info: *******************************************************************
Info: Running Quartus II Classic Timing Analyzer
    Info: Version 9.1 Build 350 03/24/2010 Service Pack 2 SJ Web Edition
    Info: Processing started: Fri May 18 13:25:34 2018
Info: Command: quartus_tan --read_settings_files=off --write_settings_files=off adder -c adder --timing_analysis_only
Info: Longest tpd from source pin "b[0]" to destination pin "s[13]" is 13.319 ns
    Info: 1: + IC(0.000 ns) + CELL(0.852 ns) = 0.852 ns; Loc. = PIN_31; Fanout = 2; PIN Node = 'b[0]'
    Info: 2: + IC(5.994 ns) + CELL(0.393 ns) = 7.239 ns; Loc. = LCCOMB_X13_Y10_N16; Fanout = 2; COMB Node = 'Add0~3'
    Info: 3: + IC(0.000 ns) + CELL(0.071 ns) = 7.310 ns; Loc. = LCCOMB_X13_Y10_N18; Fanout = 2; COMB Node = 'Add0~5'
    Info: 4: + IC(0.000 ns) + CELL(0.071 ns) = 7.381 ns; Loc. = LCCOMB_X13_Y10_N20; Fanout = 2; COMB Node = 'Add0~7'
    Info: 5: + IC(0.000 ns) + CELL(0.071 ns) = 7.452 ns; Loc. = LCCOMB_X13_Y10_N22; Fanout = 2; COMB Node = 'Add0~9'
    Info: 6: + IC(0.000 ns) + CELL(0.071 ns) = 7.523 ns; Loc. = LCCOMB_X13_Y10_N24; Fanout = 2; COMB Node = 'Add0~11'
    Info: 7: + IC(0.000 ns) + CELL(0.071 ns) = 7.594 ns; Loc. = LCCOMB_X13_Y10_N26; Fanout = 2; COMB Node = 'Add0~13'
    Info: 8: + IC(0.000 ns) + CELL(0.071 ns) = 7.665 ns; Loc. = LCCOMB_X13_Y10_N28; Fanout = 2; COMB Node = 'Add0~15'
    Info: 9: + IC(0.000 ns) + CELL(0.146 ns) = 7.811 ns; Loc. = LCCOMB_X13_Y10_N30; Fanout = 2; COMB Node = 'Add0~17'
    Info: 10: + IC(0.000 ns) + CELL(0.071 ns) = 7.882 ns; Loc. = LCCOMB_X13_Y9_N0; Fanout = 2; COMB Node = 'Add0~19'
    Info: 11: + IC(0.000 ns) + CELL(0.071 ns) = 7.953 ns; Loc. = LCCOMB_X13_Y9_N2; Fanout = 2; COMB Node = 'Add0~21'
    Info: 12: + IC(0.000 ns) + CELL(0.071 ns) = 8.024 ns; Loc. = LCCOMB_X13_Y9_N4; Fanout = 2; COMB Node = 'Add0~23'
    Info: 13: + IC(0.000 ns) + CELL(0.071 ns) = 8.095 ns; Loc. = LCCOMB_X13_Y9_N6; Fanout = 2; COMB Node = 'Add0~25'
    Info: 14: + IC(0.000 ns) + CELL(0.071 ns) = 8.166 ns; Loc. = LCCOMB_X13_Y9_N8; Fanout = 2; COMB Node = 'Add0~27'
    Info: 15: + IC(0.000 ns) + CELL(0.410 ns) = 8.576 ns; Loc. = LCCOMB_X13_Y9_N10; Fanout = 1; COMB Node = 'Add0~28'
    Info: 16: + IC(1.955 ns) + CELL(2.788 ns) = 13.319 ns; Loc. = PIN_67; Fanout = 0; PIN Node = 's[13]'
    Info: Total cell delay = 5.370 ns ( 40.32 % )
    Info: Total interconnect delay = 7.949 ns ( 59.68 % )
Info: Quartus II Classic Timing Analyzer was successful. 0 errors, 0 warnings
    Info: Peak virtual memory: 165 megabytes
    Info: Processing ended: Fri May 18 13:25:36 2018
    Info: Elapsed time: 00:00:02
    Info: Total CPU time (on all processors): 00:00:00


